#-----------------------------------------------------------
# Vivado v2019.1 (64-bit)
# SW Build 2552052 on Fri May 24 14:49:42 MDT 2019
# IP Build 2548770 on Fri May 24 18:01:18 MDT 2019
# Start of session at: Tue Dec 17 18:03:34 2024
# Process ID: 6740
# Current directory: C:/Users/josuh/Desktop/ReactionSpeedTester_12_9.vol1
# Command line: vivado.exe -gui_launcher_event rodinguilauncherevent16152 C:\Users\josuh\Desktop\ReactionSpeedTester_12_9.vol1\ReactionSpeedTester.xpr
# Log file: C:/Users/josuh/Desktop/ReactionSpeedTester_12_9.vol1/vivado.log
# Journal file: C:/Users/josuh/Desktop/ReactionSpeedTester_12_9.vol1\vivado.jou
#-----------------------------------------------------------
start_gui
open_project C:/Users/josuh/Desktop/ReactionSpeedTester_12_9.vol1/ReactionSpeedTester.xpr
INFO: [Project 1-313] Project file moved from 'D:/backup/ReactionSpeedTester_12_9' since last save.
Scanning sources...
Finished scanning sources
INFO: [IP_Flow 19-234] Refreshing IP repositories
INFO: [IP_Flow 19-1700] Loaded user IP repository 'c:/Users/josuh/Desktop/ReactionSpeedTester_12_9.vol1/ip_repo'.
INFO: [IP_Flow 19-2313] Loaded Vivado IP repository 'C:/Xilinx/Vivado/2019.1/data/ip'.
open_project: Time (s): cpu = 00:00:02 ; elapsed = 00:00:06 . Memory (MB): peak = 741.258 ; gain = 113.793
update_compile_order -fileset sources_1
exit
INFO: [Common 17-206] Exiting Vivado at Tue Dec 17 18:04:37 2024...
