#-----------------------------------------------------------
# Vivado v2019.1 (64-bit)
# SW Build 2552052 on Fri May 24 14:49:42 MDT 2019
# IP Build 2548770 on Fri May 24 18:01:18 MDT 2019
# Start of session at: Wed Feb 12 15:26:06 2025
# Process ID: 19852
# Current directory: C:/Users/josuh/Desktop/ReactionSpeedTester_12_9.vol1
# Command line: vivado.exe -gui_launcher_event rodinguilauncherevent15848 C:\Users\josuh\Desktop\ReactionSpeedTester_12_9.vol1\ReactionSpeedTester.xpr
# Log file: C:/Users/josuh/Desktop/ReactionSpeedTester_12_9.vol1/vivado.log
# Journal file: C:/Users/josuh/Desktop/ReactionSpeedTester_12_9.vol1\vivado.jou
#-----------------------------------------------------------
start_gui
open_project C:/Users/josuh/Desktop/ReactionSpeedTester_12_9.vol1/ReactionSpeedTester.xpr
INFO: [Project 1-313] Project file moved from 'D:/backup/ReactionSpeedTester_12_9' since last save.
Scanning sources...
Finished scanning sources
INFO: [IP_Flow 19-234] Refreshing IP repositories
INFO: [IP_Flow 19-1700] Loaded user IP repository 'c:/Users/josuh/Desktop/ReactionSpeedTester_12_9.vol1/ip_repo'.
INFO: [IP_Flow 19-2313] Loaded Vivado IP repository 'C:/Xilinx/Vivado/2019.1/data/ip'.
open_project: Time (s): cpu = 00:00:02 ; elapsed = 00:00:07 . Memory (MB): peak = 732.215 ; gain = 115.172
update_compile_order -fileset sources_1
open_bd_design {C:/Users/josuh/Desktop/ReactionSpeedTester_12_9.vol1/ReactionSpeedTester.srcs/sources_1/bd/ReactionSpeedTester/ReactionSpeedTester.bd}
Adding component instance block -- xilinx.com:ip:processing_system7:5.5 - processing_system7_0
Adding component instance block -- xilinx.com:user:oledControl:1.0 - oledControl_0
Adding component instance block -- xilinx.com:ip:axi_interconnect:2.1 - ps7_0_axi_periph
Adding component instance block -- xilinx.com:ip:axi_crossbar:2.1 - xbar
Adding component instance block -- xilinx.com:ip:axi_protocol_converter:2.1 - auto_pc
Adding component instance block -- xilinx.com:ip:proc_sys_reset:5.0 - rst_ps7_0_50M
Adding component instance block -- xilinx.com:user:myKEYPAD2:1.0 - myKEYPAD2_0
Adding component instance block -- xilinx.com:user:Timer:1.0 - Timer_0
Successfully read diagram <ReactionSpeedTester> from BD file <C:/Users/josuh/Desktop/ReactionSpeedTester_12_9.vol1/ReactionSpeedTester.srcs/sources_1/bd/ReactionSpeedTester/ReactionSpeedTester.bd>
open_bd_design: Time (s): cpu = 00:00:03 ; elapsed = 00:00:06 . Memory (MB): peak = 817.438 ; gain = 45.691
exit
INFO: [Common 17-206] Exiting Vivado at Wed Feb 12 15:28:23 2025...
