#-----------------------------------------------------------
# Vivado v2019.1 (64-bit)
# SW Build 2552052 on Fri May 24 14:49:42 MDT 2019
# IP Build 2548770 on Fri May 24 18:01:18 MDT 2019
# Start of session at: Wed Jul  9 17:56:43 2025
# Process ID: 17724
# Current directory: C:/Users/josuh/Desktop/ReactionSpeedTester_12_9.vol1
# Command line: vivado.exe -gui_launcher_event rodinguilauncherevent10024 C:\Users\josuh\Desktop\ReactionSpeedTester_12_9.vol1\ReactionSpeedTester.xpr
# Log file: C:/Users/josuh/Desktop/ReactionSpeedTester_12_9.vol1/vivado.log
# Journal file: C:/Users/josuh/Desktop/ReactionSpeedTester_12_9.vol1\vivado.jou
#-----------------------------------------------------------
start_gui
open_project C:/Users/josuh/Desktop/ReactionSpeedTester_12_9.vol1/ReactionSpeedTester.xpr
INFO: [Project 1-313] Project file moved from 'D:/backup/ReactionSpeedTester_12_9' since last save.
Scanning sources...
Finished scanning sources
INFO: [IP_Flow 19-234] Refreshing IP repositories
INFO: [IP_Flow 19-1700] Loaded user IP repository 'c:/Users/josuh/Desktop/ReactionSpeedTester_12_9.vol1/ip_repo'.
INFO: [IP_Flow 19-2313] Loaded Vivado IP repository 'C:/Xilinx/Vivado/2019.1/data/ip'.
open_project: Time (s): cpu = 00:00:19 ; elapsed = 00:00:16 . Memory (MB): peak = 786.605 ; gain = 148.180
update_compile_order -fileset sources_1
open_run impl_1
INFO: [Device 21-403] Loading part xc7z020clg400-1
INFO: [Netlist 29-17] Analyzing 68 Unisim elements for replacement
INFO: [Netlist 29-28] Unisim Transformation completed in 0 CPU seconds
INFO: [Project 1-479] Netlist was created with Vivado 2019.1
INFO: [Project 1-570] Preparing netlist for logic optimization
INFO: [Timing 38-478] Restoring timing data from binary archive.
INFO: [Timing 38-479] Binary timing data restore complete.
INFO: [Project 1-856] Restoring constraints from binary archive.
INFO: [Project 1-853] Binary constraint restore complete.
Reading XDEF placement.
Reading placer database...
Reading XDEF routing.
Read XDEF File: Time (s): cpu = 00:00:00 ; elapsed = 00:00:00.234 . Memory (MB): peak = 1821.051 ; gain = 0.000
Restored from archive | CPU: 0.000000 secs | Memory: 0.000000 MB |
Finished XDEF File Restore: Time (s): cpu = 00:00:00 ; elapsed = 00:00:00.234 . Memory (MB): peak = 1821.051 ; gain = 0.000
Netlist sorting complete. Time (s): cpu = 00:00:00 ; elapsed = 00:00:00 . Memory (MB): peak = 1821.051 ; gain = 0.000
INFO: [Project 1-111] Unisim Transformation Summary:
No Unisim elements were transformed.

open_run: Time (s): cpu = 00:00:16 ; elapsed = 00:00:14 . Memory (MB): peak = 1964.500 ; gain = 1079.719
