#-----------------------------------------------------------
# Vivado v2019.1 (64-bit)
# SW Build 2552052 on Fri May 24 14:49:42 MDT 2019
# IP Build 2548770 on Fri May 24 18:01:18 MDT 2019
# Start of session at: Wed Dec 25 16:58:52 2024
# Process ID: 10120
# Current directory: C:/Users/josuh/Desktop/ReactionSpeedTester_12_9.vol1/ip_repo/oledControl
# Command line: vivado.exe -gui_launcher_event rodinguilauncherevent17372 C:\Users\josuh\Desktop\ReactionSpeedTester_12_9.vol1\ip_repo\oledControl\edit_oledControl_v1_0.xpr
# Log file: C:/Users/josuh/Desktop/ReactionSpeedTester_12_9.vol1/ip_repo/oledControl/vivado.log
# Journal file: C:/Users/josuh/Desktop/ReactionSpeedTester_12_9.vol1/ip_repo/oledControl\vivado.jou
#-----------------------------------------------------------
start_gui
open_project C:/Users/josuh/Desktop/ReactionSpeedTester_12_9.vol1/ip_repo/oledControl/edit_oledControl_v1_0.xpr
INFO: [Project 1-313] Project file moved from 'k:/gwang/ip_repo/oledcontrol' since last save.
Scanning sources...
Finished scanning sources
INFO: [IP_Flow 19-234] Refreshing IP repositories
WARNING: [IP_Flow 19-3685] Ignored loading user repository 'c:/Users/josuh/Desktop/ReactionSpeedTester_12_9.vol1/ip_repo/oledControl/oledControl_1.0'. The path is contained within another repository.
INFO: [IP_Flow 19-1700] Loaded user IP repository 'c:/Users/josuh/Desktop/ReactionSpeedTester_12_9.vol1/ip_repo'.
WARNING: [IP_Flow 19-3656] If you move the project, the path for repository 'c:/Users/josuh/Desktop/ReactionSpeedTester_12_9.vol1/ip_repo' may become invalid. A better location for the repository would be in a path adjacent to the project. (Current project location is 'c:/Users/josuh/Desktop/ReactionSpeedTester_12_9.vol1/ip_repo/oledControl'.)
INFO: [IP_Flow 19-2313] Loaded Vivado IP repository 'C:/Xilinx/Vivado/2019.1/data/ip'.
update_compile_order -fileset sources_1
exit
INFO: [Common 17-206] Exiting Vivado at Wed Dec 25 22:59:42 2024...
